\BOOKMARK [1][-]{section.1}{\376\377\137\025\212\000}{}% 1
\BOOKMARK [1][-]{section.2}{\376\377\166\370\121\163\135\345\117\134}{}% 2
\BOOKMARK [1][-]{section.3}{\376\377\170\024\172\166\120\107\213\276\116\016\133\236\232\214\213\276\213\241}{}% 3
\BOOKMARK [2][-]{subsection.3.1}{\376\377\120\107\213\276}{section.3}% 4
\BOOKMARK [2][-]{subsection.3.2}{\376\377\145\160\143\156\226\306}{section.3}% 5
\BOOKMARK [2][-]{subsection.3.3}{\376\377\123\330\221\317\226\020\217\360}{section.3}% 6
\BOOKMARK [2][-]{subsection.3.4}{\376\377\213\241\221\317\152\041\127\213}{section.3}% 7
\BOOKMARK [3][-]{subsubsection.3.4.1}{\376\377\127\372\121\306\152\041\127\213}{subsection.3.4}% 8
\BOOKMARK [3][-]{subsubsection.3.4.2}{\376\377\131\032\134\102\152\041\127\213}{subsection.3.4}% 9
\BOOKMARK [3][-]{subsubsection.3.4.3}{\376\377\122\006\117\115\145\160\126\336\137\122}{subsection.3.4}% 10
\BOOKMARK [3][-]{subsubsection.3.4.4}{\376\377\214\003\202\202\145\110\136\224}{subsection.3.4}% 11
\BOOKMARK [3][-]{subsubsection.3.4.5}{\376\377\000B\000o\000o\000t\000s\000t\000r\000a\000p\000\040\143\250\145\255}{subsection.3.4}% 12
\BOOKMARK [2][-]{subsection.3.5}{\376\377\133\236\232\214\163\257\130\203\116\016\117\235\215\126}{section.3}% 13
\BOOKMARK [2][-]{subsection.3.6}{\376\377\133\236\232\214\155\101\172\013}{section.3}% 14
\BOOKMARK [1][-]{section.4}{\376\377\133\236\213\301\176\323\147\234}{}% 15
\BOOKMARK [2][-]{subsection.4.1}{\376\377\145\131\136\010\145\366\225\364\145\057\221\115\140\305\137\142}{section.4}% 16
\BOOKMARK [2][-]{subsection.4.2}{\376\377\127\372\121\306\126\336\137\122\060\001\131\032\134\102\152\041\127\213\116\016\000\040\000B\000o\000o\000t\000s\000t\000r\000a\000p\000\040\166\204\142\171\145\071\117\134\116\032\140\305\137\142}{section.4}% 17
\BOOKMARK [2][-]{subsection.4.3}{\376\377\117\044\133\263\226\306\116\055\116\216\232\330\123\213\122\233\145\131\136\010\140\305\137\142}{section.4}% 18
\BOOKMARK [2][-]{subsection.4.4}{\376\377\165\067\145\131\136\010\146\264\227\062\146\364\134\021\165\333\141\037\146\364\137\072\166\204\137\002\215\050\140\305\137\142}{section.4}% 19
\BOOKMARK [2][-]{subsection.4.5}{\376\377\145\110\136\224\221\317\213\304\116\367\140\305\137\142}{section.4}% 20
\BOOKMARK [1][-]{section.5}{\376\377\176\323\213\272\116\016\143\242\213\250}{}% 21
