\BOOKMARK [1][-]{section.1}{\376\377\0001\000\040\134\017\176\304\142\020\124\130\122\006\135\345}{}% 1
\BOOKMARK [1][-]{section.2}{\376\377\0002\000\040\137\025\212\000}{}% 2
\BOOKMARK [2][-]{subsection.2.1}{\376\377\0002\000.\0001\000\040\170\024\172\166\200\314\146\157}{section.2}% 3
\BOOKMARK [2][-]{subsection.2.2}{\376\377\0002\000.\0002\000\040\117\040\176\337\000\040\0003\000D\000G\000S\000\040\166\204\225\356\230\230}{section.2}% 4
\BOOKMARK [2][-]{subsection.2.3}{\376\377\0002\000.\0003\000\040\000R\000a\000y\000G\000S\000\040\166\204\122\250\147\072}{section.2}% 5
\BOOKMARK [2][-]{subsection.2.4}{\376\377\0002\000.\0004\000\040\213\272\145\207\150\070\137\303\215\041\163\056}{section.2}% 6
\BOOKMARK [2][-]{subsection.2.5}{\376\377\0002\000.\0005\000\040\142\245\124\112\176\323\147\204}{section.2}% 7
\BOOKMARK [1][-]{section.3}{\376\377\0003\000\040\166\370\121\163\135\345\117\134}{}% 8
\BOOKMARK [2][-]{subsection.3.1}{\376\377\0003\000.\0001\000\040\0003\000D\000\040\000G\000a\000u\000s\000s\000i\000a\000n\000\040\000S\000p\000l\000a\000t\000t\000i\000n\000g\000\040\166\204\127\072\146\157\210\150\171\072}{section.3}% 9
\BOOKMARK [2][-]{subsection.3.2}{\376\377\0003\000.\0002\000\040\0003\000D\000G\000S\000\040\166\204\156\062\147\323\121\154\137\017\116\016\000\040\000a\000l\000p\000h\000a\000\040\000b\000l\000e\000n\000d\000i\000n\000g}{section.3}% 10
\BOOKMARK [2][-]{subsection.3.3}{\376\377\0003\000.\0003\000\040\000P\000r\000i\000m\000i\000t\000i\000v\000e\000\040\000s\000u\000p\000p\000o\000r\000t\000\040\116\016\142\052\145\255\226\010\120\074}{section.3}% 11
\BOOKMARK [2][-]{subsection.3.4}{\376\377\0003\000.\0004\000\040\117\040\176\337\000\040\000G\000S\000\040\166\204\134\117\136\125\172\172\225\364\142\225\137\161}{section.3}% 12
\BOOKMARK [2][-]{subsection.3.5}{\376\377\0003\000.\0005\000\040\000R\000a\000y\000-\000B\000a\000s\000e\000d\000\040\000G\000a\000u\000s\000s\000i\000a\000n\000\040\000S\000p\000l\000a\000t\000t\000i\000n\000g}{section.3}% 13
\BOOKMARK [1][-]{section.4}{\376\377\0004\000\040\117\040\176\337\000\040\000G\000S\000\040\166\204\170\154\116\366\121\111\150\005\123\026\155\101\172\013}{}% 14
\BOOKMARK [2][-]{subsection.4.1}{\376\377\0004\000.\0001\000\040\117\040\176\337\000\040\000G\000S\000\040\133\271\146\023\170\154\116\366\121\111\150\005\123\026}{section.4}% 15
\BOOKMARK [2][-]{subsection.4.2}{\376\377\0004\000.\0002\000\040\000V\000e\000r\000t\000e\000x\000\040\000s\000h\000a\000d\000e\000r\377\032\165\061\116\214\176\364\151\055\127\006\147\204\220\040\000\040\000q\000u\000a\000d}{section.4}% 16
\BOOKMARK [2][-]{subsection.4.3}{\376\377\0004\000.\0003\000\040\000F\000r\000a\000g\000m\000e\000n\000t\000\040\000s\000h\000a\000d\000e\000r\377\032\143\322\120\074\127\120\150\007\116\016\116\015\220\017\146\016\136\246\213\241\173\227}{section.4}% 17
\BOOKMARK [2][-]{subsection.4.4}{\376\377\0004\000.\0004\000\040\117\040\176\337\155\101\172\013\166\204\134\100\226\120}{section.4}% 18
\BOOKMARK [1][-]{section.5}{\376\377\0005\000\040\213\272\145\207\145\271\154\325\377\032\000H\000a\000r\000d\000w\000a\000r\000e\000-\000R\000a\000s\000t\000e\000r\000i\000z\000e\000d\000\040\000R\000a\000y\000G\000S}{}% 19
\BOOKMARK [2][-]{subsection.5.1}{\376\377\0005\000.\0001\000\040\140\073\117\123\140\035\140\363}{section.5}% 20
\BOOKMARK [2][-]{subsection.5.2}{\376\377\0005\000.\0002\000\040\000R\000a\000y\000G\000S\000\040\000s\000u\000p\000p\000o\000r\000t\000\040\217\271\165\114\166\204\121\340\117\125\122\006\147\220}{section.5}% 21
\BOOKMARK [2][-]{subsection.5.3}{\376\377\0005\000.\0003\000\040\000V\000e\000r\000t\000e\000x\000\040\000s\000h\000a\000d\000e\000r\377\032\116\011\176\364\000\040\000q\000u\000a\000d\000\040\147\204\220\040}{section.5}% 22
\BOOKMARK [2][-]{subsection.5.4}{\376\377\0005\000.\0004\000\040\000F\000r\000a\000g\000m\000e\000n\000t\000\040\000s\000h\000a\000d\000e\000r\377\032\137\353\220\037\213\241\173\227\000\040\000R\000a\000y\000G\000S\000\040\000d\000i\000v\000e\000r\000g\000e\000n\000c\000e}{section.5}% 23
\BOOKMARK [2][-]{subsection.5.5}{\376\377\0005\000.\0005\000\040\145\271\154\325\134\017\176\323}{section.5}% 24
\BOOKMARK [1][-]{section.6}{\376\377\0006\000\040\000R\000a\000y\000G\000S\000\040\166\204\000\040\000M\000I\000P\000\040\142\227\155\367\123\340\145\271\154\325}{}% 25
\BOOKMARK [2][-]{subsection.6.1}{\376\377\0006\000.\0001\000\040\000M\000I\000P\000\040\225\356\230\230\147\145\156\220\377\032\120\317\175\040\116\055\137\303\134\004\176\277\221\307\150\067\166\204\116\015\215\263}{section.6}% 26
\BOOKMARK [2][-]{subsection.6.2}{\376\377\0006\000.\0002\000\040\116\316\123\125\134\004\176\277\221\307\150\067\122\060\120\317\175\040\227\142\171\357\136\163\127\107}{section.6}% 27
\BOOKMARK [2][-]{subsection.6.3}{\376\377\0006\000.\0003\000\040\123\117\145\271\135\356\136\163\156\321\116\016\217\321\117\074\000\040\000M\000I\000P\000\040\121\154\137\017}{section.6}% 28
\BOOKMARK [2][-]{subsection.6.4}{\376\377\0006\000.\0004\000\040\000O\000p\000a\000c\000i\000t\000y\000\040\000m\000o\000d\000u\000l\000a\000t\000i\000o\000n\000\040\166\204\137\305\211\201\140\047}{section.6}% 29
\BOOKMARK [2][-]{subsection.6.5}{\376\377\0006\000.\0005\000\040\000M\000I\000P\000-\000R\000a\000y\000G\000S\000\040\116\016\000\040\000M\000S\000A\000A\000\040\166\204\123\072\122\053}{section.6}% 30
\BOOKMARK [1][-]{section.7}{\376\377\0007\000\040\213\272\145\207\133\236\232\214\213\276\213\241\116\016\176\323\147\234\122\006\147\220}{}% 31
\BOOKMARK [2][-]{subsection.7.1}{\376\377\0007\000.\0001\000\040\133\236\232\214\166\356\150\007\116\016\213\304\116\367\225\356\230\230}{section.7}% 32
\BOOKMARK [2][-]{subsection.7.2}{\376\377\0007\000.\0002\000\040\145\160\143\156\226\306\116\016\213\304\116\367\123\117\213\256}{section.7}% 33
\BOOKMARK [2][-]{subsection.7.3}{\376\377\0007\000.\0003\000\040\133\371\153\324\145\271\154\325}{section.7}% 34
\BOOKMARK [2][-]{subsection.7.4}{\376\377\0007\000.\0004\000\040\133\232\221\317\176\323\147\234\377\032\220\037\136\246\143\320\123\107\116\016\215\050\221\317\117\335\143\001}{section.7}% 35
\BOOKMARK [2][-]{subsection.7.5}{\376\377\0007\000.\0005\000\040\133\232\140\047\176\323\147\234\377\032\000M\000I\000P\000\040\116\016\217\321\146\157\117\052\137\161}{section.7}% 36
\BOOKMARK [2][-]{subsection.7.6}{\376\377\0007\000.\0006\000\040\213\272\145\207\133\236\232\214\166\204\134\100\226\120\140\047}{section.7}% 37
\BOOKMARK [1][-]{section.8}{\376\377\0008\000\040\147\054\127\060\131\015\163\260\133\236\232\214\116\016\210\145\121\105\122\006\147\220}{}% 38
\BOOKMARK [2][-]{subsection.8.1}{\376\377\0008\000.\0001\000\040\131\015\163\260\166\356\166\204}{section.8}% 39
\BOOKMARK [2][-]{subsection.8.2}{\376\377\0008\000.\0002\000\040\000V\000K\000R\000a\000y\000G\000S\000\040\116\323\136\223\176\323\147\204\116\016\147\204\136\372\145\271\137\017}{section.8}% 40
\BOOKMARK [2][-]{subsection.8.3}{\376\377\0008\000.\0003\000\040\145\160\143\156\147\145\156\220\116\016\166\370\147\072\143\247\122\066}{section.8}% 41
\BOOKMARK [2][-]{subsection.8.4}{\376\377\0008\000.\0004\000\040\156\062\147\323\152\041\137\017\060\001\133\236\232\214\123\302\145\160\116\016\213\260\137\125\145\271\137\017}{section.8}% 42
\BOOKMARK [2][-]{subsection.8.5}{\376\377\0008\000.\0005\000\040\133\236\232\214\176\323\147\234\166\356\137\125}{section.8}% 43
\BOOKMARK [2][-]{subsection.8.6}{\376\377\0008\000.\0006\000\040\147\054\127\060\176\323\147\234\116\000\377\032\116\015\124\014\127\072\146\157\145\164\117\123\140\047\200\375}{section.8}% 44
\BOOKMARK [2][-]{subsection.8.7}{\376\377\0008\000.\0007\000\040\147\054\127\060\176\323\147\234\116\214\377\032\122\006\217\250\163\207\060\001\000M\000S\000A\000A\000\040\116\016\000\040\000M\000I\000P\000\040\137\161\124\315}{section.8}% 45
\BOOKMARK [2][-]{subsection.8.8}{\376\377\0008\000.\0008\000\040\147\054\127\060\176\323\147\234\116\011\377\032\000G\000S\000\040\116\016\000\040\000R\000a\000y\000G\000S\000\040\133\371\153\324}{section.8}% 46
\BOOKMARK [2][-]{subsection.8.9}{\376\377\0008\000.\0009\000\040\116\343\210\150\140\047\142\052\126\376\116\016\116\073\211\302\122\006\147\220}{section.8}% 47
\BOOKMARK [2][-]{subsection.8.10}{\376\377\0008\000.\0001\0000\000\040\131\015\163\260\133\236\232\214\134\017\176\323}{section.8}% 48
\BOOKMARK [1][-]{section.9}{\376\377\0009\000\040\176\374\124\010\213\250\213\272}{}% 49
\BOOKMARK [2][-]{subsection.9.1}{\376\377\0009\000.\0001\000\040\147\054\145\207\145\271\154\325\166\204\150\070\137\303\116\367\120\074}{section.9}% 50
\BOOKMARK [2][-]{subsection.9.2}{\376\377\0009\000.\0002\000\040\140\047\200\375\164\366\230\210\122\006\147\220\377\032\000p\000r\000o\000j\000e\000c\000t\000i\000o\000n\060\001\000r\000e\000n\000d\000e\000r\000i\000n\000g\000\040\116\016\000\040\000f\000i\000l\000l\000-\000r\000a\000t\000e}{section.9}% 51
\BOOKMARK [2][-]{subsection.9.3}{\376\377\0009\000.\0003\000\040\000R\000a\000y\000G\000S\060\001\000M\000I\000P\000-\000R\000a\000y\000G\000S\000\040\116\016\000\040\000M\000S\000A\000A\000\040\166\204\220\002\165\050\127\072\146\157}{section.9}% 52
\BOOKMARK [2][-]{subsection.9.4}{\376\377\0009\000.\0004\000\040\133\371\000\040\000V\000R\000/\000M\000R\000\040\124\214\133\236\145\366\116\244\116\222\136\224\165\050\166\204\141\017\116\111}{section.9}% 53
\BOOKMARK [2][-]{subsection.9.5}{\376\377\0009\000.\0005\000\040\116\315\161\066\133\130\127\050\166\204\225\356\230\230\116\016\147\052\147\145\145\271\124\021}{section.9}% 54
\BOOKMARK [1][-]{section.10}{\376\377\0001\0000\000\040\176\323\213\272}{}% 55
