\BOOKMARK [1][-]{section.1}{\376\377\142\052\126\376\000\040\0001\377\032\167\351\117\060\213\241\154\325}{}% 1
\BOOKMARK [2][-]{subsection.1.1}{\376\377\140\073\117\123\167\351\116\016\150\067\147\054\167\351}{section.1}% 2
\BOOKMARK [2][-]{subsection.1.2}{\376\377\150\067\147\054\145\271\135\356\116\016\150\067\147\054\123\237\160\271\167\351}{section.1}% 3
\BOOKMARK [1][-]{section.2}{\376\377\142\052\126\376\000\040\0002\377\032\123\072\225\364\117\060\213\241\140\073\176\323}{}% 4
\BOOKMARK [2][-]{subsection.2.1}{\376\377\213\260\123\367\176\246\133\232}{section.2}% 5
\BOOKMARK [2][-]{subsection.2.2}{\376\377\123\072\225\364\117\060\213\241\121\154\137\017\210\150}{section.2}% 6
\BOOKMARK [2][-]{subsection.2.3}{\376\377\133\371\136\224\176\337\213\241\221\317}{section.2}% 7
\BOOKMARK [2][-]{subsection.2.4}{\376\377\123\125\117\247\177\156\117\341\123\072\225\364}{section.2}% 8
\BOOKMARK [1][-]{section.3}{\376\377\142\052\126\376\000\040\0003\377\032\120\107\213\276\150\300\232\214\140\073\176\323}{}% 9
\BOOKMARK [2][-]{subsection.3.1}{\376\377\150\300\232\214\145\271\124\021\116\016\142\322\176\335\127\337}{section.3}% 10
\BOOKMARK [2][-]{subsection.3.2}{\376\377\120\107\213\276\150\300\232\214\121\154\137\017\210\150}{section.3}% 11
\BOOKMARK [1][-]{section.4}{\376\377\142\052\126\376\000\040\0004\377\032\120\107\213\276\150\300\232\214\116\016\123\072\225\364\117\060\213\241\166\204\121\163\174\373}{}% 12
\BOOKMARK [2][-]{subsection.4.1}{\376\377\150\070\137\303\121\163\174\373}{section.4}% 13
\BOOKMARK [2][-]{subsection.4.2}{\376\377\123\125\116\052\153\143\140\001\140\073\117\123\145\271\135\356\135\362\167\345\145\366\166\204\117\213\133\120}{section.4}% 14
\BOOKMARK [1][-]{section.5}{\376\377\142\052\126\376\000\040\0005\377\032\166\370\121\163\121\163\174\373\116\016\126\336\137\122}{}% 15
\BOOKMARK [2][-]{subsection.5.1}{\376\377\126\336\137\122\166\204\124\053\116\111}{section.5}% 16
\BOOKMARK [2][-]{subsection.5.2}{\376\377\126\336\137\122\122\006\147\220\166\204\127\372\147\054\120\132\154\325}{section.5}% 17
\BOOKMARK [1][-]{section.6}{\376\377\142\052\126\376\000\040\0006\377\032\126\336\137\122\122\006\147\220\140\073\176\323}{}% 18
\BOOKMARK [1][-]{section.7}{\376\377\142\052\126\376\000\040\0007\377\032\126\336\137\122\174\373\145\160\166\204\000\040\000F\000\040\150\300\232\214}{}% 19
\BOOKMARK [2][-]{subsection.7.1}{\376\377\150\300\232\214\166\356\166\204}{section.7}% 20
\BOOKMARK [2][-]{subsection.7.2}{\376\377\150\300\232\214\176\337\213\241\221\317}{section.7}% 21
\BOOKMARK [2][-]{subsection.7.3}{\376\377\142\322\176\335\127\337\116\016\176\323\213\272}{section.7}% 22
\BOOKMARK [1][-]{section.8}{\376\377\142\052\126\376\000\040\0008\377\032\166\370\121\163\174\373\145\160\150\300\232\214\154\325}{}% 23
\BOOKMARK [2][-]{subsection.8.1}{\376\377\120\117\135\356\136\163\145\271\124\214\122\006\211\343}{section.8}% 24
\BOOKMARK [2][-]{subsection.8.2}{\376\377\122\044\121\263\174\373\145\160\116\016\166\370\121\163\174\373\145\160}{section.8}% 25
\BOOKMARK [2][-]{subsection.8.3}{\376\377\166\370\121\163\174\373\145\160\150\300\232\214}{section.8}% 26
\BOOKMARK [1][-]{section.9}{\376\377\142\052\126\376\000\040\0009\377\032\133\232\164\006\000\040\0005\000.\0006}{}% 27
\BOOKMARK [2][-]{subsection.9.1}{\376\377\213\301\146\016}{section.9}% 28
\BOOKMARK [1][-]{section.10}{\376\377\142\052\126\376\000\040\0001\0000\377\032\133\232\164\006\000\040\0005\000.\0008}{}% 29
\BOOKMARK [2][-]{subsection.10.1}{\376\377\230\204\155\113\123\072\225\364}{section.10}% 30
\BOOKMARK [2][-]{subsection.10.2}{\376\377\213\301\146\016}{section.10}% 31
\BOOKMARK [1][-]{section.11}{\376\377\142\052\126\376\000\040\0001\0001\377\032\143\247\122\066\225\356\230\230\166\204\211\343\154\325}{}% 32
\BOOKMARK [2][-]{subsection.11.1}{\376\377\174\276\170\156\143\247\122\066\145\271\172\013}{section.11}% 33
\BOOKMARK [2][-]{subsection.11.2}{\376\377\133\236\226\105\217\321\117\074\211\343\154\325}{section.11}% 34
\BOOKMARK [1][-]{section.12}{\376\377\142\052\126\376\000\040\0001\0002\377\032\131\032\121\103\176\277\140\047\126\336\137\122\153\143\211\304\145\271\172\013\116\016\167\351\226\065\211\343}{}% 35
\BOOKMARK [2][-]{subsection.12.1}{\376\377\131\032\121\103\176\277\140\047\126\336\137\122\152\041\127\213}{section.12}% 36
\BOOKMARK [2][-]{subsection.12.2}{\376\377\153\143\211\304\145\271\172\013\176\304}{section.12}% 37
\BOOKMARK [2][-]{subsection.12.3}{\376\377\167\351\226\065\210\150\171\072}{section.12}% 38
\BOOKMARK [1][-]{section.13}{\376\377\142\052\126\376\000\040\0001\0003\377\032\131\032\121\103\176\277\140\047\126\336\137\122\166\204\120\117\135\356\116\016\122\044\121\263\174\373\145\160}{}% 39
\BOOKMARK [2][-]{subsection.13.1}{\376\377\116\011\171\315\120\117\135\356\136\163\145\271\124\214}{section.13}% 40
\BOOKMARK [2][-]{subsection.13.2}{\376\377\136\163\127\107\120\117\135\356\136\163\145\271\124\214}{section.13}% 41
\BOOKMARK [1][-]{section.14}{\376\377\142\052\126\376\000\040\0001\0004\377\032\131\015\122\044\121\263\174\373\145\160\116\016\117\356\153\143\131\015\122\044\121\263\174\373\145\160}{}% 42
\BOOKMARK [2][-]{subsection.14.1}{\376\377\131\015\122\044\121\263\174\373\145\160}{section.14}% 43
\BOOKMARK [2][-]{subsection.14.2}{\376\377\117\356\153\143\131\015\122\044\121\263\174\373\145\160}{section.14}% 44
\BOOKMARK [1][-]{section.15}{\376\377\142\052\126\376\000\040\0001\0005\377\032\131\032\121\103\176\277\140\047\126\336\137\122\166\204\121\150\150\300\232\214}{}% 45
\BOOKMARK [2][-]{subsection.15.1}{\376\377\150\300\232\214\166\356\166\204}{section.15}% 46
\BOOKMARK [2][-]{subsection.15.2}{\376\377\150\300\232\214\176\337\213\241\221\317}{section.15}% 47
\BOOKMARK [2][-]{subsection.15.3}{\376\377\122\044\133\232\211\304\122\031}{section.15}% 48
\BOOKMARK [1][-]{section.16}{\376\377\142\052\126\376\000\040\0001\0006\377\032\131\032\121\103\176\277\140\047\126\336\137\122\166\204\120\117\150\300\232\214}{}% 49
\BOOKMARK [2][-]{subsection.16.1}{\376\377\150\300\232\214\166\356\166\204}{section.16}% 50
\BOOKMARK [2][-]{subsection.16.2}{\376\377\150\300\232\214\176\337\213\241\221\317}{section.16}% 51
\BOOKMARK [2][-]{subsection.16.3}{\376\377\122\044\133\232\211\304\122\031}{section.16}% 52
\BOOKMARK [1][-]{section.17}{\376\377\142\052\126\376\000\040\0001\0007\377\032\165\050\131\032\121\103\176\277\140\047\126\336\137\122\217\333\210\114\117\060\213\241\230\204\155\113}{}% 53
\BOOKMARK [2][-]{subsection.17.1}{\376\377\160\271\230\204\155\113}{section.17}% 54
\BOOKMARK [2][-]{subsection.17.2}{\376\377\126\336\137\122\174\373\145\160\177\156\117\341\123\072\225\364}{section.17}% 55
\BOOKMARK [1][-]{section.18}{\376\377\142\052\126\376\000\040\0001\0008\377\032\227\136\176\277\140\047\126\336\137\122\166\204\123\330\221\317\116\343\143\142\377\010\116\000\377\011}{}% 56
\BOOKMARK [2][-]{subsection.18.1}{\376\377\127\372\147\054\140\035\140\363}{section.18}% 57
\BOOKMARK [2][-]{subsection.18.2}{\376\377\136\070\211\301\227\136\176\277\140\047\146\362\176\277\166\204\123\330\221\317\116\343\143\142}{section.18}% 58
\BOOKMARK [1][-]{section.19}{\376\377\142\052\126\376\000\040\0001\0009\377\032\227\136\176\277\140\047\126\336\137\122\166\204\123\330\221\317\116\343\143\142\377\010\116\214\377\011}{}% 59
\BOOKMARK [2][-]{subsection.19.1}{\376\377\124\016\116\011\174\173\123\330\221\317\116\343\143\142}{section.19}% 60
\BOOKMARK [1][-]{section.20}{\376\377\142\052\126\376\000\040\0002\0000\377\032\145\271\135\356\122\006\147\220\166\204\151\202\137\365}{}% 61
\BOOKMARK [2][-]{subsection.20.1}{\376\377\145\271\135\356\122\006\147\220\211\201\211\343\121\263\166\204\225\356\230\230}{section.20}% 62
\BOOKMARK [2][-]{subsection.20.2}{\376\377\123\125\126\340\175\040\145\271\135\356\122\006\147\220\166\204\116\000\202\054\152\041\127\213}{section.20}% 63
\BOOKMARK [1][-]{section.21}{\376\377\142\052\126\376\000\040\0002\0001\377\032\123\125\126\340\175\040\145\271\135\356\122\006\147\220}{}% 64
\BOOKMARK [2][-]{subsection.21.1}{\376\377\171\273\135\356\136\163\145\271\124\214\123\312\121\166\122\006\211\343}{section.21}% 65
\BOOKMARK [2][-]{subsection.21.2}{\376\377\150\300\232\214\176\337\213\241\221\317}{section.21}% 66
\BOOKMARK [2][-]{subsection.21.3}{\376\377\123\125\126\340\175\040\145\271\135\356\122\006\147\220\210\150}{section.21}% 67
\BOOKMARK [1][-]{section.22}{\376\377\142\052\126\376\000\040\0002\0002\377\032\131\032\221\315\153\324\217\203}{}% 68
\BOOKMARK [2][-]{subsection.22.1}{\376\377\116\072\116\300\116\110\211\201\120\132\131\032\221\315\153\324\217\203}{section.22}% 69
\BOOKMARK [2][-]{subsection.22.2}{\376\377\000L\000S\000D\000\040\145\271\154\325}{section.22}% 70
\BOOKMARK [1][-]{section.23}{\376\377\142\052\126\376\000\040\0002\0003\377\032\123\314\126\340\175\040\145\340\221\315\131\015\145\271\135\356\122\006\147\220}{}% 71
\BOOKMARK [2][-]{subsection.23.1}{\376\377\152\041\127\213\116\016\120\107\213\276}{section.23}% 72
\BOOKMARK [2][-]{subsection.23.2}{\376\377\136\163\145\271\124\214\122\006\211\343}{section.23}% 73
\BOOKMARK [2][-]{subsection.23.3}{\376\377\150\300\232\214\176\337\213\241\221\317\116\016\145\271\135\356\122\006\147\220\210\150}{section.23}% 74
\BOOKMARK [1][-]{section.24}{\376\377\142\052\126\376\000\040\0002\0004\377\032\123\314\126\340\175\040\173\111\221\315\131\015\145\271\135\356\122\006\147\220}{}% 75
\BOOKMARK [2][-]{subsection.24.1}{\376\377\152\041\127\213\116\016\116\011\116\052\150\300\232\214}{section.24}% 76
\BOOKMARK [2][-]{subsection.24.2}{\376\377\136\163\145\271\124\214\122\006\211\343}{section.24}% 77
\BOOKMARK [2][-]{subsection.24.3}{\376\377\145\271\135\356\122\006\147\220\210\150}{section.24}% 78
\BOOKMARK [1][-]{section.25}{\376\377\142\052\126\376\000\040\0002\0005\377\032\145\271\135\356\122\006\147\220\120\132\230\230\155\101\172\013}{}% 79
\BOOKMARK [1][-]{section.26}{\376\377\142\052\126\376\000\040\0002\0006\377\032\123\314\126\340\175\040\173\111\221\315\131\015\145\271\135\356\122\006\147\220\210\145\121\105}{}% 80
\BOOKMARK [2][-]{subsection.26.1}{\376\377\173\111\221\315\131\015\213\325\232\214\166\204\145\160\143\156\176\323\147\204}{section.26}% 81
\BOOKMARK [2][-]{subsection.26.2}{\376\377\136\163\145\271\124\214\116\016\201\352\165\061\136\246}{section.26}% 82
\BOOKMARK [2][-]{subsection.26.3}{\376\377\147\037\147\033\136\163\145\271\124\214\116\016\122\006\136\003\176\323\213\272}{section.26}% 83
\BOOKMARK [2][-]{subsection.26.4}{\376\377\120\107\213\276\150\300\232\214\116\016\145\271\135\356\122\006\147\220\210\150}{section.26}% 84
\BOOKMARK [1][-]{section.27}{\376\377\142\052\126\376\000\040\0002\0007\377\032\145\366\225\364\136\217\122\027\122\006\147\220\140\073\176\323}{}% 85
\BOOKMARK [2][-]{subsection.27.1}{\376\377\145\366\225\364\136\217\122\027\166\204\126\333\116\052\126\340\175\040}{section.27}% 86
\BOOKMARK [2][-]{subsection.27.2}{\376\377\225\177\147\037\215\213\122\277\166\204\155\113\133\232}{section.27}% 87
\BOOKMARK [2][-]{subsection.27.3}{\376\377\133\143\202\202\143\007\145\160\166\204\155\113\133\232\116\016\133\143\202\202\214\003\145\164}{section.27}% 88
\BOOKMARK [2][-]{subsection.27.4}{\376\377\137\252\163\257\154\342\122\250\166\204\122\151\117\131\154\325}{section.27}% 89
\BOOKMARK [1][-]{section.28}{\376\377\142\052\126\376\000\040\0002\0008\377\032\133\143\202\202\123\330\122\250\116\016\137\252\163\257\154\342\122\250\155\113\133\232\210\145\121\105}{}% 90
\BOOKMARK [2][-]{subsection.28.1}{\376\377\156\321\122\250\136\163\127\107\215\213\122\277\122\124\226\144\154\325}{section.28}% 91
\BOOKMARK [2][-]{subsection.28.2}{\376\377\133\143\202\202\143\007\145\160\166\204\213\241\173\227\123\343\137\204}{section.28}% 92
\BOOKMARK [2][-]{subsection.28.3}{\376\377\137\252\163\257\154\342\122\250\166\204\155\113\133\232\377\032\122\151\117\131\154\325}{section.28}% 93
\BOOKMARK [1][-]{section.29}{\376\377\142\052\126\376\000\040\0002\0009\377\032\176\337\213\241\122\006\147\220\166\204\121\166\133\203\145\271\154\325\173\200\116\313}{}% 94
\BOOKMARK [2][-]{subsection.29.1}{\376\377\122\027\200\124\210\150\122\006\147\220}{section.29}% 95
\BOOKMARK [2][-]{subsection.29.2}{\376\377\200\132\174\173\122\006\147\220}{section.29}% 96
\BOOKMARK [2][-]{subsection.29.3}{\376\377\116\073\142\020\122\006\122\006\147\220}{section.29}% 97
\BOOKMARK [2][-]{subsection.29.4}{\376\377\165\037\133\130\122\006\147\220}{section.29}% 98
\BOOKMARK [2][-]{subsection.29.5}{\376\377\000R\000O\000C\000\040\122\006\147\220}{section.29}% 99
