\BOOKMARK [1][-]{section.1}{\376\377\137\025\212\000}{}% 1
\BOOKMARK [1][-]{section.2}{\376\377\170\024\172\166\200\314\146\157\116\016\141\017\116\111}{}% 2
\BOOKMARK [2][-]{subsection.2.1}{\376\377\200\314\146\157}{section.2}% 3
\BOOKMARK [2][-]{subsection.2.2}{\376\377\141\017\116\111}{section.2}% 4
\BOOKMARK [2][-]{subsection.2.3}{\376\377\170\024\172\166\225\356\230\230\121\205\133\271}{section.2}% 5
\BOOKMARK [1][-]{section.3}{\376\377\145\207\163\056\176\374\217\360}{}% 6
\BOOKMARK [1][-]{section.4}{\376\377\170\024\172\166\145\271\154\325\213\276\213\241}{}% 7
\BOOKMARK [2][-]{subsection.4.1}{\376\377\145\160\143\156\226\306}{section.4}% 8
\BOOKMARK [2][-]{subsection.4.2}{\376\377\210\253\213\325}{section.4}% 9
\BOOKMARK [2][-]{subsection.4.3}{\376\377\170\024\172\166\133\371\214\141}{section.4}% 10
\BOOKMARK [2][-]{subsection.4.4}{\376\377\170\024\172\166\135\345\121\167}{section.4}% 11
\BOOKMARK [3][-]{subsubsection.4.4.1}{\376\377\133\266\136\255\145\131\200\262\147\037\147\033\221\317\210\150}{subsection.4.4}% 12
\BOOKMARK [3][-]{subsubsection.4.4.2}{\376\377\137\303\164\006\120\145\136\267\221\317\210\150}{subsection.4.4}% 13
\BOOKMARK [3][-]{subsubsection.4.4.3}{\376\377\133\146\116\032\147\037\147\033\123\213\122\233\116\055\116\313\123\330\221\317}{subsection.4.4}% 14
\BOOKMARK [3][-]{subsubsection.4.4.4}{\376\377\147\052\147\145\117\341\137\303\154\064\136\163\116\055\116\313\123\330\221\317}{subsection.4.4}% 15
\BOOKMARK [3][-]{subsubsection.4.4.5}{\376\377\143\247\122\066\123\330\221\317}{subsection.4.4}% 16
\BOOKMARK [1][-]{section.5}{\376\377\170\024\172\166\176\323\147\234\116\016\122\006\147\220}{}% 17
\BOOKMARK [2][-]{subsection.5.1}{\376\377\143\317\217\360\140\047\176\337\213\241}{section.5}% 18
\BOOKMARK [2][-]{subsection.5.2}{\376\377\135\356\137\002\140\047\150\300\232\214}{section.5}% 19
\BOOKMARK [3][-]{subsubsection.5.2.1}{\376\377\162\354\172\313\150\067\147\054\000\040\000t\000\040\150\300\232\214}{subsection.5.2}% 20
\BOOKMARK [3][-]{subsubsection.5.2.2}{\376\377\123\125\126\340\175\040\145\271\135\356\122\006\147\220}{subsection.5.2}% 21
\BOOKMARK [2][-]{subsection.5.3}{\376\377\166\370\121\163\140\047\122\006\147\220}{section.5}% 22
\BOOKMARK [2][-]{subsection.5.4}{\376\377\131\032\121\103\176\277\140\047\126\336\137\122}{section.5}% 23
\BOOKMARK [2][-]{subsection.5.5}{\376\377\116\055\116\313\145\110\136\224\150\300\232\214}{section.5}% 24
\BOOKMARK [1][-]{section.6}{\376\377\176\323\213\272}{}% 25
