\BOOKMARK [1][-]{section.1}{\376\377\137\025\212\000}{}% 1
\BOOKMARK [1][-]{section.2}{\376\377\172\313\230\171\117\235\143\156\116\016\170\024\172\166\141\017\116\111}{}% 2
\BOOKMARK [2][-]{subsection.2.1}{\376\377\165\037\162\151\136\217\122\027\145\160\143\156\166\204\131\047\145\160\143\156\162\171\137\201}{section.2}% 3
\BOOKMARK [2][-]{subsection.2.2}{\376\377\131\047\152\041\127\213\137\256\214\003\116\055\166\204\215\050\221\317\164\366\230\210}{section.2}% 4
\BOOKMARK [2][-]{subsection.2.3}{\376\377\142\200\147\057\215\357\176\277\166\204\124\010\164\006\140\047}{section.2}% 5
\BOOKMARK [1][-]{section.3}{\376\377\142\337\211\343\121\263\166\204\121\163\225\056\171\321\133\146\225\356\230\230}{}% 6
\BOOKMARK [2][-]{subsection.3.1}{\376\377\131\202\117\125\133\232\116\111\227\142\124\021\137\256\214\003\166\204\165\037\162\151\136\217\122\027\150\067\147\054\215\050\221\317}{section.3}% 7
\BOOKMARK [2][-]{subsection.3.2}{\376\377\131\202\117\125\127\050\166\176\116\007\176\247\150\067\147\054\116\012\117\116\142\020\147\054\213\304\117\060\215\050\221\317}{section.3}% 8
\BOOKMARK [2][-]{subsection.3.3}{\376\377\131\202\117\125\213\251\213\255\176\303\217\307\172\013\123\315\124\021\143\007\133\374\145\160\143\156\220\011\142\351}{section.3}% 9
\BOOKMARK [1][-]{section.4}{\376\377\140\073\117\123\170\024\172\166\213\276\140\363}{}% 10
\BOOKMARK [1][-]{section.5}{\376\377\133\236\145\275\145\271\150\110}{}% 11
\BOOKMARK [2][-]{subsection.5.1}{\376\377\123\237\131\313\145\160\143\156\211\304\203\003\123\026}{section.5}% 12
\BOOKMARK [2][-]{subsection.5.2}{\376\377\000Z\000i\000g\000\040\155\101\137\017\215\050\221\317\142\153\143\317}{section.5}% 13
\BOOKMARK [2][-]{subsection.5.3}{\376\377\000P\000o\000l\000a\000r\000s\000\040\215\050\221\317\165\073\120\317\116\016\150\067\147\054\220\011\142\351}{section.5}% 14
\BOOKMARK [2][-]{subsection.5.4}{\376\377\000L\000o\000R\000A\000\040\137\256\214\003\145\271\150\110\116\016\133\236\232\214\217\271\165\114}{section.5}% 15
\BOOKMARK [2][-]{subsection.5.5}{\376\377\220\350\177\162\213\304\155\113\116\016\123\315\231\210\126\336\121\231}{section.5}% 16
\BOOKMARK [1][-]{section.6}{\376\377\133\236\232\214\176\323\147\234\116\016\122\006\147\220}{}% 17
\BOOKMARK [2][-]{subsection.6.1}{\376\377\121\150\221\317\145\160\143\156\165\073\120\317}{section.6}% 18
\BOOKMARK [2][-]{subsection.6.2}{\376\377\215\050\221\317\150\007\213\260\116\016\221\315\131\015\122\006\147\220}{section.6}% 19
\BOOKMARK [2][-]{subsection.6.3}{\376\377\000Z\000i\000g\000\040\155\101\137\017\142\153\143\317\127\372\121\306}{section.6}% 20
\BOOKMARK [2][-]{subsection.6.4}{\376\377\000Q\000w\000e\000n\0003\000.\0006\000\040\000T\000o\000k\000e\000n\000i\000z\000e\000r\000\040\150\041\121\306}{section.6}% 21
\BOOKMARK [2][-]{subsection.6.5}{\376\377\150\067\147\054\220\011\142\351\173\126\165\145\133\371\153\324}{section.6}% 22
\BOOKMARK [1][-]{section.7}{\376\377\122\033\145\260\140\047}{}% 23
\BOOKMARK [1][-]{section.8}{\376\377\123\357\200\375\133\130\127\050\166\204\142\200\147\057\126\360\226\276\116\016\164\366\230\210}{}% 24
\BOOKMARK [1][-]{section.9}{\376\377\176\323\213\272}{}% 25
