\BOOKMARK [1][-]{section.1}{\376\377\172\336\215\133\200\314\146\157}{}% 1
\BOOKMARK [2][-]{subsection.1.1}{\376\377\225\356\230\230\143\317\217\360}{section.1}% 2
\BOOKMARK [2][-]{subsection.1.2}{\376\377\136\372\152\041\140\035\215\357}{section.1}% 3
\BOOKMARK [1][-]{section.2}{\376\377\143\242\175\042\140\047\145\160\143\156\122\006\147\220}{}% 4
\BOOKMARK [2][-]{subsection.2.1}{\376\377\145\160\143\156\211\304\152\041\116\016\121\205\133\130\123\140\165\050}{section.2}% 5
\BOOKMARK [2][-]{subsection.2.2}{\376\377\177\072\131\061\120\074\122\006\136\003}{section.2}% 6
\BOOKMARK [1][-]{section.3}{\376\377\145\207\147\054\156\005\155\027}{}% 7
\BOOKMARK [2][-]{subsection.3.1}{\376\377\153\143\122\031\123\026\210\150\217\276\137\017\156\005\155\027}{section.3}% 8
\BOOKMARK [2][-]{subsection.3.2}{\376\377\162\171\137\201\207\215\124\010\173\126\165\145}{section.3}% 9
\BOOKMARK [1][-]{section.4}{\376\377\000B\000a\000s\000e\000l\000i\000n\000e}{}% 10
\BOOKMARK [2][-]{subsection.4.1}{\376\377\000T\000F\000-\000I\000D\000F\000\040\145\207\150\143\124\021\221\317\123\026}{section.4}% 11
\BOOKMARK [2][-]{subsection.4.2}{\376\377\000L\000o\000g\000i\000s\000t\000i\000c\000\040\000R\000e\000g\000r\000e\000s\000s\000i\000o\000n\000\040\133\371\145\160\121\340\163\207\126\336\137\122}{section.4}% 12
\BOOKMARK [2][-]{subsection.4.3}{\376\377\133\236\232\214\176\323\147\234}{section.4}% 13
\BOOKMARK [1][-]{section.5}{\376\377\143\320\123\107\152\041\127\213}{}% 14
\BOOKMARK [2][-]{subsection.5.1}{\376\377\145\057\143\001\124\021\221\317\147\072\377\010\000S\000V\000M\377\011}{section.5}% 15
\BOOKMARK [2][-]{subsection.5.2}{\376\377\121\263\173\126\150\021}{section.5}% 16
\BOOKMARK [2][-]{subsection.5.3}{\376\377\215\035\123\366\145\257\152\041\127\213}{section.5}% 17
\BOOKMARK [2][-]{subsection.5.4}{\376\377\133\236\232\214\176\323\147\234}{section.5}% 18
\BOOKMARK [3][-]{subsubsection.5.4.1}{\376\377\176\277\140\047\150\070\000\040\000S\000V\000M}{subsection.5.4}% 19
\BOOKMARK [3][-]{subsubsection.5.4.2}{\376\377\227\136\176\277\140\047\150\070\000\040\000S\000V\000M}{subsection.5.4}% 20
\BOOKMARK [3][-]{subsubsection.5.4.3}{\376\377\121\263\173\126\150\021}{subsection.5.4}% 21
\BOOKMARK [3][-]{subsubsection.5.4.4}{\376\377\215\035\123\366\145\257\145\271\154\325}{subsection.5.4}% 22
\BOOKMARK [1][-]{section.6}{\376\377\000B\000E\000R\000T}{}% 23
\BOOKMARK [2][-]{subsection.6.1}{\376\377\213\276\213\241\140\035\215\357}{section.6}% 24
\BOOKMARK [2][-]{subsection.6.2}{\376\377\152\041\127\213\147\266\147\204}{section.6}% 25
\BOOKMARK [3][-]{subsubsection.6.2.1}{\376\377\000T\000r\000a\000n\000s\000f\000o\000r\000m\000e\000r\000\040\000E\000n\000c\000o\000d\000e\000r\000\040\176\323\147\204}{subsection.6.2}% 26
\BOOKMARK [3][-]{subsubsection.6.2.2}{\376\377\000B\000E\000R\000T\000\040\176\323\147\204}{subsection.6.2}% 27
\BOOKMARK [2][-]{subsection.6.3}{\376\377\117\030\123\026\116\016\143\137\131\061\121\375\145\160}{section.6}% 28
\BOOKMARK [2][-]{subsection.6.4}{\376\377\133\236\232\214\176\323\147\234}{section.6}% 29
\BOOKMARK [1][-]{section.7}{\376\377\000A\000d\000a\000B\000o\000o\000s\000t\000\040\226\306\142\020}{}% 30
\BOOKMARK [2][-]{subsection.7.1}{\376\377\000B\000o\000o\000s\000t\000i\000n\000g\000\040\173\227\154\325\116\345\123\312\000\040\000A\000d\000a\000B\000o\000o\000s\000t\000\040\116\313\176\315}{section.7}% 31
\BOOKMARK [2][-]{subsection.7.2}{\376\377\116\016\000\040\000B\000E\000R\000T\000\040\122\006\174\173\126\150\166\204\176\323\124\010}{section.7}% 32
\BOOKMARK [3][-]{subsubsection.7.2.1}{\376\377\143\137\131\061\121\375\145\160\133\236\163\260}{subsection.7.2}% 33
\BOOKMARK [3][-]{subsubsection.7.2.2}{\376\377\134\017\142\171\153\041\213\255\176\303}{subsection.7.2}% 34
\BOOKMARK [2][-]{subsection.7.3}{\376\377\116\343\170\001\133\236\163\260}{section.7}% 35
\BOOKMARK [3][-]{subsubsection.7.3.1}{\376\377\000A\000d\000a\000B\000o\000o\000s\000t\000\040\123\302\145\160\146\364\145\260}{subsection.7.3}% 36
\BOOKMARK [3][-]{subsubsection.7.3.2}{\376\377\000B\000E\000R\000T\000\040\213\255\176\303}{subsection.7.3}% 37
\BOOKMARK [2][-]{subsection.7.4}{\376\377\133\236\232\214\176\323\147\234}{section.7}% 38
\BOOKMARK [1][-]{section.8}{\376\377\122\006\135\345\116\313\176\315}{}% 39
