\BOOKMARK [1][-]{section.1}{\376\377\122\006\135\345\116\313\176\315}{}% 1
\BOOKMARK [2][-]{subsection.1.1}{\376\377\116\055\147\037\135\345\117\134}{section.1}% 2
\BOOKMARK [2][-]{subsection.1.2}{\376\377\173\124\217\251\135\345\117\134}{section.1}% 3
\BOOKMARK [2][-]{subsection.1.3}{\376\377\142\245\124\112\135\345\117\134}{section.1}% 4
\BOOKMARK [1][-]{section.2}{\376\377\213\376\230\230\200\314\146\157\123\312\141\017\116\111}{}% 5
\BOOKMARK [2][-]{subsection.2.1}{\376\377\170\024\172\166\200\314\146\157}{section.2}% 6
\BOOKMARK [2][-]{subsection.2.2}{\376\377\170\024\172\166\141\017\116\111}{section.2}% 7
\BOOKMARK [2][-]{subsection.2.3}{\376\377\150\070\137\303\122\250\147\072\116\016\116\373\122\241\166\356\150\007}{section.2}% 8
\BOOKMARK [1][-]{section.3}{\376\377\000V\000R\000\040\221\307\226\306\167\074\122\250\145\160\143\156}{}% 9
\BOOKMARK [1][-]{section.4}{\376\377\217\150\217\371\123\357\211\306\123\026\116\016\131\032\176\364\136\246\122\006\147\220}{}% 10
\BOOKMARK [2][-]{subsection.4.1}{\376\377\217\150\217\371\123\357\211\306\123\026}{section.4}% 11
\BOOKMARK [3][-]{subsubsection.4.1.1}{\376\377\145\160\143\156\156\005\155\027\116\016\136\163\156\321}{subsection.4.1}% 12
\BOOKMARK [3][-]{subsubsection.4.1.2}{\376\377\127\120\150\007\174\373\146\040\134\004\116\016\123\330\143\142}{subsection.4.1}% 13
\BOOKMARK [3][-]{subsubsection.4.1.3}{\376\377\145\366\172\172\133\371\237\120\116\016\156\062\147\323}{subsection.4.1}% 14
\BOOKMARK [2][-]{subsection.4.2}{\376\377\131\032\176\364\136\246\122\006\147\220}{section.4}% 15
\BOOKMARK [3][-]{subsubsection.4.2.1}{\376\377\211\306\211\311\213\357\135\356\122\006\147\220}{subsection.4.2}% 16
\BOOKMARK [3][-]{subsubsection.4.2.2}{\376\377\227\136\176\277\140\047\213\357\135\356\116\016\142\323\142\121\122\006\147\220}{subsection.4.2}% 17
\BOOKMARK [3][-]{subsubsection.4.2.3}{\376\377\154\350\211\306\122\006\136\003\162\171\137\201\123\072\122\053\122\006\147\220}{subsection.4.2}% 18
\BOOKMARK [3][-]{subsubsection.4.2.4}{\376\377\167\074\122\250\145\160\143\156\123\072\122\053\122\006\147\220}{subsection.4.2}% 19
\BOOKMARK [1][-]{section.5}{\376\377\147\072\126\150\133\146\116\140\213\304\155\113}{}% 20
\BOOKMARK [2][-]{subsection.5.1}{\376\377\127\372\116\216\165\305\164\006\147\072\122\066\166\204\162\171\137\201\143\320\123\326}{section.5}% 21
\BOOKMARK [3][-]{subsubsection.5.1.1}{\376\377\217\150\217\371\137\142\140\001\166\370\117\074\136\246}{subsection.5.1}% 22
\BOOKMARK [3][-]{subsubsection.5.1.2}{\376\377\171\136\176\317\123\315\136\224\156\336\124\016}{subsection.5.1}% 23
\BOOKMARK [3][-]{subsubsection.5.1.3}{\376\377\137\002\136\070\142\153\211\306\123\140\153\324}{subsection.5.1}% 24
\BOOKMARK [2][-]{subsection.5.2}{\376\377\171\136\176\317\177\121\176\334\122\006\174\173\152\041\127\213}{section.5}% 25
\BOOKMARK [2][-]{subsection.5.3}{\376\377\176\323\147\234\122\006\147\220}{section.5}% 26
\BOOKMARK [3][-]{subsubsection.5.3.1}{\376\377\167\074\122\250\165\305\164\006\162\171\137\201\135\356\137\002\122\006\147\220}{subsection.5.3}% 27
\BOOKMARK [3][-]{subsubsection.5.3.2}{\376\377\152\041\127\213\122\006\174\173\140\047\200\375\213\304\117\060}{subsection.5.3}% 28
\BOOKMARK [3][-]{subsubsection.5.3.3}{\376\377\134\017\176\323}{subsection.5.3}% 29
\BOOKMARK [1][-]{section.6}{\376\377\140\073\176\323\116\016\134\125\147\033}{}% 30
\BOOKMARK [2][-]{subsection.6.1}{\376\377\170\024\172\166\134\100\226\120\140\047}{section.6}% 31
\BOOKMARK [2][-]{subsection.6.2}{\376\377\147\052\147\145\134\125\147\033}{section.6}% 32
